N00000021,68,65.00
N00000022,76,73.00
N00000024,73,70.00
N00000026,72,69.00
N00000028,73,70.00
N00000029,87,84.00
N00000030,82,79.00
N00000031,76,73.00
N00000032,87,84.00
N00000033,77,74.00
N00000034,69,66.00
N00000036,77,74.00
N00000037,75,72.00
N00000038,73,70.00
N00000039,66,63.00
N00000040,73,70.00
N00000041,91,88.00
N00000042,100,97.00
N00000043,86,83.00
N00000044,90,87.00
N00000045,67,64.00
